{
  "items": [
    "first",
    "second"
  ],
  "request_id": "req-789",
  "session_id": "abc123xyz",
  "timestamp": "2023-01-01T12:00:00Z",
  "user_data": {
    "created_at": "2023-01-01T10:00:00Z",
    "email": "john@example.com",
    "name": "John"
  },
  "user_id": 123
}