{
  "level": "info",
  "message": "test log entry",
  "timestamp": "2025-07-23T16:37:15+09:00"
}