{
  "action": "logi",
  "success": true,
  "user_id": 123
}