{
  "alice": {
    "id": 1,
    "name": "Alice",
    "email": "alice@example.com"
  },
  "bob": {
    "id": 2,
    "name": "Bob",
    "email": "bob@example.com"
  }
}