{
  "duration_ms": 150,
  "ip": "192.168.1.1",
  "level": "info",
  "message": "User login successful",
  "timestamp": "2025-07-23T16:37:15+09:00",
  "user_agent": "Mozilla/5.0...",
  "user_id": 12345
}