{
  "active": true,
  "email": "john@example.com",
  "id": 123,
  "name": "John Doe"
}